// Jest Snapshot v1, https://goo.gl/fbAQLP

exports[`empty.vue match snapshot 1`] = `
<div class="m-empty"><img src="" alt="" class="image">
  <p class="title">抱歉，暂无数据</p>
</div>
`;
