// Jest Snapshot v1, https://goo.gl/fbAQLP

exports[`loading.vue test snapshot 1`] = `
<div class="m-loading">
  <div class="loading-content"><img src="@/assets/images/loading.gif" alt="">
    <p class="title">正在加载中...</p>
  </div>
</div>
`;
