// Jest Snapshot v1, https://goo.gl/fbAQLP

exports[`scroll.vue match snapshot 1`] = `
<div>
  <div class="scroll-slot"></div>
</div>
`;
