// Jest Snapshot v1, https://goo.gl/fbAQLP

exports[`slider.vue match snapshot 1`] = `
<div class="m-slider">
  <div class="slider-group" style="width: 0px;"></div>
  <div class="slider-dots"></div>
</div>
`;
